13:40:35 **** Incremental Build of configuration Debug for project UART_Example ****
make -j4 all 
arm-none-eabi-size   UART_Example.elf 
   text	   data	    bss	    dec	    hex	filename
  24060	    488	   1728	  26276	   66a4	UART_Example.elf
Finished building: default.size.stdout
 
13:41:45 **** Incremental Build of configuration Debug for project UART_Example ****
make -j4 all 
arm-none-eabi-size   UART_Example.elf 
   text	   data	    bss	    dec	    hex	filename
  24060	    488	   1728	  26276	   66a4	UART_Example.elf
Finished building: default.size.stdout
 
13:41:46 **** Incremental Build of configuration Debug for project UART_Example ****
make -j4 all 
arm-none-eabi-size   UART_Example.elf 
   text	   data	    bss	    dec	    hex	filename
  24060	    488	   1728	  26276	   66a4	UART_Example.elf
Finished building: default.size.stdout
 
13:42:06 **** Incremental Build of configuration Debug for project UART_Example ****
make -j4 all 
arm-none-eabi-size   UART_Example.elf 
   text	   data	    bss	    dec	    hex	filename
  24060	    488	   1728	  26276	   66a4	UART_Example.elf
Finished building: default.size.stdout
 
